ERROR: JamesWWillMorefield https://http://www.willmorefield.com [Errno 2] No such file or directory: 'html/House/JamesWWillMorefield/http://www.willmorefield.com20231106165636'
ERROR: IsraelDO'Quinn https://israeloquinn.com [Errno 2] No such file or directory: "html/House/IsraelDO'Quinn/israeloquinn.com20231106165636"
ERROR: PaulVMildeIII https://http://www.paulmilde.com [Errno 2] No such file or directory: 'html/House/PaulVMildeIII/http://www.paulmilde.com20231106165803'
